// Jest Snapshot v1, https://goo.gl/fbAQLP

exports[`ListItem rendering it renders without crashing 1`] = `
<div
  class="list-item"
  data-testid="list-item"
>
  <span
    class="item-text"
  >
    Server
  </span>
  <span
    class="item-text"
  >
    546 km
  </span>
</div>
`;
