// Jest Snapshot v1, https://goo.gl/fbAQLP

exports[`ServerItem rendering it renders without crashing 1`] = `
<div
  class="server-item"
  data-testid="server-item"
>
  <span
    class="server-text"
  >
    Server
  </span>
  <span
    class="server-text"
  >
    546 km
  </span>
</div>
`;
