// Jest Snapshot v1, https://goo.gl/fbAQLP

exports[`matches snapshot 1`] = `
<button
  className="btn undefined"
  data-testid="btn"
>
  <span
    className="btn-label"
  >
    save
  </span>
</button>
`;
