// Jest Snapshot v1, https://goo.gl/fbAQLP

exports[`Spinner rendering it renders without crashing 1`] = `
<div
  class="spinner-container"
  data-testid="spinner"
  style="opacity: 0;"
>
  <div
    class="spinner"
  >
    <div />
    <div />
    <div />
    <div />
  </div>
</div>
`;
