// Jest Snapshot v1, https://goo.gl/fbAQLP

exports[`Error rendering it renders without crashing 1`] = `
<div
  class="error"
  data-testid="error"
/>
`;
