// Jest Snapshot v1, https://goo.gl/fbAQLP

exports[`Logo rendering it renders without crashing 1`] = `
<img
  alt="logo"
  class="logo white"
  data-testid="logo"
  src="logo-white.png"
/>
`;
